CCS PCM C Compiler, Version 5.015, 5967               07-Jul-25 15:18

               Filename:   E:\University\Nam 3\2024_2025_HK2\Vi xu ly\Giai_de_vxl_hk2_2025\Cau3\Cau3.lst

               ROM used:   694 words (8%)
                           Largest free fragment is 2048
               RAM used:   8 (2%) at main() level
                           21 (6%) worst case
               Stack used: 2 locations
               Stack size: 8

*
0000:  MOVLW  02
0001:  MOVWF  0A
0002:  GOTO   225
0003:  NOP
.................... /* 
.................... Tinh do phan giai (step size - SS) 
.................... SS = [(Vref+) - (Vref-)] / [(2^n) - 1] = 0.003225 V 
.................... */ 
.................... #include <16f887.h> 
.................... //////////// Standard Header file for the PIC16F887 device //////////////// 
.................... /////////////////////////////////////////////////////////////////////////// 
.................... ////        (C) Copyright 1996, 2013 Custom Computer Services          //// 
.................... //// This source code may only be used by licensed users of the CCS C  //// 
.................... //// compiler.  This source code may only be distributed to other      //// 
.................... //// licensed users of the CCS C compiler.  No other use, reproduction //// 
.................... //// or distribution is permitted without written permission.          //// 
.................... //// Derivative programs created using this software in object code    //// 
.................... //// form are not restricted in any way.                               //// 
.................... /////////////////////////////////////////////////////////////////////////// 
.................... #device PIC16F887 
0004:  DATA 20,27
0005:  DATA C8,24
0006:  DATA 45,2A
0007:  DATA 20,22
0008:  DATA 4F,10
0009:  DATA CC,26
000A:  DATA B3,1A
000B:  DATA 20,00
000C:  DATA 20,10
000D:  DATA 20,10
000E:  DATA 20,10
000F:  DATA 25,18
0010:  DATA B2,3A
0011:  DATA 00,00
0012:  DATA 43,10
0013:  DATA 20,10
0014:  DATA 00,00
*
0073:  MOVF   0B,W
0074:  MOVWF  21
0075:  BCF    0B.7
0076:  BSF    03.5
0077:  BSF    03.6
0078:  BSF    0C.7
0079:  BSF    0C.0
007A:  NOP
007B:  NOP
007C:  BCF    03.5
007D:  BCF    03.6
007E:  BTFSC  21.7
007F:  BSF    0B.7
0080:  BSF    03.6
0081:  MOVF   0C,W
0082:  ANDLW  7F
0083:  BTFSC  03.2
0084:  GOTO   0C7
0085:  BCF    03.6
0086:  MOVWF  21
0087:  BSF    03.6
0088:  MOVF   0D,W
0089:  BCF    03.6
008A:  MOVWF  22
008B:  BSF    03.6
008C:  MOVF   0F,W
008D:  BCF    03.6
008E:  MOVWF  23
008F:  MOVF   21,W
0090:  MOVWF  25
0091:  CALL   057
0092:  MOVF   22,W
0093:  BSF    03.6
0094:  MOVWF  0D
0095:  BCF    03.6
0096:  MOVF   23,W
0097:  BSF    03.6
0098:  MOVWF  0F
0099:  BCF    03.6
009A:  MOVF   0B,W
009B:  MOVWF  24
009C:  BCF    0B.7
009D:  BSF    03.5
009E:  BSF    03.6
009F:  BSF    0C.7
00A0:  BSF    0C.0
00A1:  NOP
00A2:  NOP
00A3:  BCF    03.5
00A4:  BCF    03.6
00A5:  BTFSC  24.7
00A6:  BSF    0B.7
00A7:  BSF    03.6
00A8:  RLF    0C,W
00A9:  RLF    0E,W
00AA:  ANDLW  7F
00AB:  BTFSC  03.2
00AC:  GOTO   0C7
00AD:  BCF    03.6
00AE:  MOVWF  21
00AF:  BSF    03.6
00B0:  MOVF   0D,W
00B1:  BCF    03.6
00B2:  MOVWF  22
00B3:  BSF    03.6
00B4:  MOVF   0F,W
00B5:  BCF    03.6
00B6:  MOVWF  23
00B7:  MOVF   21,W
00B8:  MOVWF  25
00B9:  CALL   057
00BA:  MOVF   22,W
00BB:  BSF    03.6
00BC:  MOVWF  0D
00BD:  BCF    03.6
00BE:  MOVF   23,W
00BF:  BSF    03.6
00C0:  MOVWF  0F
00C1:  INCF   0D,F
00C2:  BTFSC  03.2
00C3:  INCF   0F,F
00C4:  BCF    03.6
00C5:  GOTO   073
00C6:  BSF    03.6
00C7:  BCF    03.6
00C8:  RETURN
00C9:  MOVLW  8E
00CA:  MOVWF  77
00CB:  MOVF   24,W
00CC:  MOVWF  78
00CD:  MOVF   23,W
00CE:  MOVWF  79
00CF:  CLRF   7A
00D0:  MOVF   78,F
00D1:  BTFSS  03.2
00D2:  GOTO   0DD
00D3:  MOVF   79,W
00D4:  MOVWF  78
00D5:  CLRF   79
00D6:  MOVLW  08
00D7:  SUBWF  77,F
00D8:  MOVF   78,F
00D9:  BTFSS  03.2
00DA:  GOTO   0DD
00DB:  CLRF   77
00DC:  GOTO   0E5
00DD:  BCF    03.0
00DE:  BTFSC  78.7
00DF:  GOTO   0E4
00E0:  RLF    79,F
00E1:  RLF    78,F
00E2:  DECF   77,F
00E3:  GOTO   0DD
00E4:  BCF    78.7
00E5:  BCF    0A.3
00E6:  BCF    0A.4
00E7:  GOTO   27C (RETURN)
00E8:  MOVF   23,W
00E9:  BTFSC  03.2
00EA:  GOTO   158
00EB:  MOVWF  2B
00EC:  MOVF   27,W
00ED:  BTFSC  03.2
00EE:  GOTO   158
00EF:  ADDWF  2B,F
00F0:  BTFSC  03.0
00F1:  GOTO   0F9
00F2:  MOVLW  7F
00F3:  SUBWF  2B,F
00F4:  BTFSS  03.0
00F5:  GOTO   158
00F6:  BTFSC  03.2
00F7:  GOTO   158
00F8:  GOTO   0FD
00F9:  MOVLW  81
00FA:  ADDWF  2B,F
00FB:  BTFSC  03.0
00FC:  GOTO   158
00FD:  MOVF   2B,W
00FE:  MOVWF  77
00FF:  CLRF   78
0100:  CLRF   79
0101:  CLRF   7A
0102:  MOVF   24,W
0103:  MOVWF  2F
0104:  BSF    2F.7
0105:  MOVF   25,W
0106:  MOVWF  2E
0107:  MOVF   26,W
0108:  MOVWF  2D
0109:  MOVLW  18
010A:  MOVWF  2B
010B:  CLRF   2C
010C:  BTFSS  2D.0
010D:  GOTO   126
010E:  MOVF   2A,W
010F:  ADDWF  7A,F
0110:  BTFSS  03.0
0111:  GOTO   118
0112:  INCF   79,F
0113:  BTFSS  03.2
0114:  GOTO   118
0115:  INCF   78,F
0116:  BTFSC  03.2
0117:  BSF    2C.7
0118:  MOVF   29,W
0119:  ADDWF  79,F
011A:  BTFSS  03.0
011B:  GOTO   11F
011C:  INCF   78,F
011D:  BTFSC  03.2
011E:  BSF    2C.7
011F:  MOVF   28,W
0120:  MOVWF  25
0121:  BSF    25.7
0122:  MOVF   25,W
0123:  ADDWF  78,F
0124:  BTFSC  03.0
0125:  BSF    2C.7
0126:  RLF    2C,F
0127:  RRF    78,F
0128:  RRF    79,F
0129:  RRF    7A,F
012A:  RRF    2F,F
012B:  RRF    2E,F
012C:  RRF    2D,F
012D:  BCF    03.0
012E:  DECFSZ 2B,F
012F:  GOTO   10B
0130:  MOVLW  01
0131:  ADDWF  77,F
0132:  BTFSC  03.0
0133:  GOTO   158
0134:  BTFSC  78.7
0135:  GOTO   13D
0136:  RLF    2F,F
0137:  RLF    7A,F
0138:  RLF    79,F
0139:  RLF    78,F
013A:  DECF   77,F
013B:  BTFSC  03.2
013C:  GOTO   158
013D:  BTFSS  2F.7
013E:  GOTO   14E
013F:  INCF   7A,F
0140:  BTFSS  03.2
0141:  GOTO   14E
0142:  INCF   79,F
0143:  BTFSS  03.2
0144:  GOTO   14E
0145:  INCF   78,F
0146:  BTFSS  03.2
0147:  GOTO   14E
0148:  RRF    78,F
0149:  RRF    79,F
014A:  RRF    7A,F
014B:  INCF   77,F
014C:  BTFSC  03.2
014D:  GOTO   158
014E:  MOVF   24,W
014F:  MOVWF  2C
0150:  MOVF   28,W
0151:  XORWF  2C,F
0152:  BTFSS  2C.7
0153:  GOTO   156
0154:  BSF    78.7
0155:  GOTO   15C
0156:  BCF    78.7
0157:  GOTO   15C
0158:  CLRF   77
0159:  CLRF   78
015A:  CLRF   79
015B:  CLRF   7A
015C:  BCF    0A.3
015D:  BCF    0A.4
015E:  GOTO   28D (RETURN)
015F:  MOVLW  8E
0160:  MOVWF  77
0161:  MOVF   21,W
0162:  SUBWF  77,F
0163:  MOVF   22,W
0164:  MOVWF  79
0165:  MOVF   23,W
0166:  MOVWF  78
0167:  BSF    79.7
0168:  MOVF   77,F
0169:  BTFSC  03.2
016A:  GOTO   176
016B:  BCF    03.0
016C:  MOVF   79,F
016D:  BTFSS  03.2
016E:  GOTO   172
016F:  MOVF   78,F
0170:  BTFSC  03.2
0171:  GOTO   176
0172:  RRF    79,F
0173:  RRF    78,F
0174:  DECFSZ 77,F
0175:  GOTO   16B
0176:  BTFSS  22.7
0177:  GOTO   17D
0178:  COMF   78,F
0179:  COMF   79,F
017A:  INCF   78,F
017B:  BTFSC  03.2
017C:  INCF   79,F
017D:  BCF    0A.3
017E:  BCF    0A.4
017F:  GOTO   296 (RETURN)
0180:  MOVF   0B,W
0181:  MOVWF  22
0182:  BCF    0B.7
0183:  BSF    03.5
0184:  BSF    03.6
0185:  BSF    0C.7
0186:  BSF    0C.0
0187:  NOP
0188:  NOP
0189:  BCF    03.5
018A:  BCF    03.6
018B:  BTFSC  22.7
018C:  BSF    0B.7
018D:  BTFSC  03.0
018E:  GOTO   1B7
018F:  BSF    03.6
0190:  MOVF   0C,W
0191:  ANDLW  7F
0192:  BCF    03.6
0193:  MOVWF  22
0194:  BSF    03.6
0195:  MOVF   0D,W
0196:  BCF    03.6
0197:  MOVWF  23
0198:  BSF    03.6
0199:  MOVF   0F,W
019A:  BCF    03.6
019B:  MOVWF  24
019C:  MOVF   22,W
019D:  MOVWF  25
019E:  CALL   057
019F:  MOVF   23,W
01A0:  BSF    03.6
01A1:  MOVWF  0D
01A2:  BCF    03.6
01A3:  MOVF   24,W
01A4:  BSF    03.6
01A5:  MOVWF  0F
01A6:  BCF    03.6
01A7:  MOVF   0B,W
01A8:  MOVWF  25
01A9:  BCF    0B.7
01AA:  BSF    03.5
01AB:  BSF    03.6
01AC:  BSF    0C.7
01AD:  BSF    0C.0
01AE:  NOP
01AF:  NOP
01B0:  BCF    03.5
01B1:  BCF    03.6
01B2:  BTFSC  25.7
01B3:  BSF    0B.7
01B4:  DECFSZ 21,F
01B5:  GOTO   1B7
01B6:  GOTO   1D6
01B7:  BSF    03.6
01B8:  RLF    0C,W
01B9:  RLF    0E,W
01BA:  ANDLW  7F
01BB:  BCF    03.6
01BC:  MOVWF  22
01BD:  BSF    03.6
01BE:  MOVF   0D,W
01BF:  BCF    03.6
01C0:  MOVWF  23
01C1:  BSF    03.6
01C2:  MOVF   0F,W
01C3:  BCF    03.6
01C4:  MOVWF  24
01C5:  MOVF   22,W
01C6:  MOVWF  25
01C7:  CALL   057
01C8:  MOVF   23,W
01C9:  BSF    03.6
01CA:  MOVWF  0D
01CB:  BCF    03.6
01CC:  MOVF   24,W
01CD:  BSF    03.6
01CE:  MOVWF  0F
01CF:  INCF   0D,F
01D0:  BTFSC  03.2
01D1:  INCF   0F,F
01D2:  BCF    03.0
01D3:  BCF    03.6
01D4:  DECFSZ 21,F
01D5:  GOTO   180
01D6:  BCF    0A.3
01D7:  BCF    0A.4
01D8:  GOTO   2A5 (RETURN)
01D9:  MOVF   24,W
01DA:  CLRF   78
01DB:  SUBWF  23,W
01DC:  BTFSC  03.0
01DD:  GOTO   1E1
01DE:  MOVF   23,W
01DF:  MOVWF  77
01E0:  GOTO   1ED
01E1:  CLRF   77
01E2:  MOVLW  08
01E3:  MOVWF  25
01E4:  RLF    23,F
01E5:  RLF    77,F
01E6:  MOVF   24,W
01E7:  SUBWF  77,W
01E8:  BTFSC  03.0
01E9:  MOVWF  77
01EA:  RLF    78,F
01EB:  DECFSZ 25,F
01EC:  GOTO   1E4
01ED:  RETURN
01EE:  MOVF   78,W
01EF:  MOVF   21,W
01F0:  MOVWF  23
01F1:  MOVLW  64
01F2:  MOVWF  24
01F3:  CALL   1D9
01F4:  MOVF   77,W
01F5:  MOVWF  21
01F6:  MOVF   78,W
01F7:  MOVLW  30
01F8:  BTFSS  03.2
01F9:  GOTO   201
01FA:  BTFSS  22.1
01FB:  GOTO   208
01FC:  BTFSC  22.3
01FD:  GOTO   208
01FE:  BTFSC  22.4
01FF:  MOVLW  20
0200:  GOTO   204
0201:  BCF    22.3
0202:  BCF    22.4
0203:  BSF    22.0
0204:  ADDWF  78,F
0205:  MOVF   78,W
0206:  MOVWF  25
0207:  CALL   057
0208:  MOVF   21,W
0209:  MOVWF  23
020A:  MOVLW  0A
020B:  MOVWF  24
020C:  CALL   1D9
020D:  MOVF   77,W
020E:  MOVWF  21
020F:  MOVF   78,W
0210:  MOVLW  30
0211:  BTFSS  03.2
0212:  GOTO   219
0213:  BTFSC  22.3
0214:  GOTO   21D
0215:  BTFSS  22.0
0216:  GOTO   21D
0217:  BTFSC  22.4
0218:  MOVLW  20
0219:  ADDWF  78,F
021A:  MOVF   78,W
021B:  MOVWF  25
021C:  CALL   057
021D:  MOVLW  30
021E:  ADDWF  21,F
021F:  MOVF   21,W
0220:  MOVWF  25
0221:  CALL   057
0222:  BCF    0A.3
0223:  BCF    0A.4
0224:  GOTO   2AA (RETURN)
....................  
.................... #list 
....................  
.................... #device adc=10 
.................... #fuses intrc_io 
.................... #use delay(clock=8M) 
*
0031:  MOVLW  21
0032:  MOVWF  04
0033:  BCF    03.7
0034:  MOVF   00,W
0035:  BTFSC  03.2
0036:  GOTO   044
0037:  MOVLW  02
0038:  MOVWF  78
0039:  CLRF   77
003A:  DECFSZ 77,F
003B:  GOTO   03A
003C:  DECFSZ 78,F
003D:  GOTO   039
003E:  MOVLW  97
003F:  MOVWF  77
0040:  DECFSZ 77,F
0041:  GOTO   040
0042:  DECFSZ 00,F
0043:  GOTO   037
0044:  RETURN
....................  
.................... #define lcd_rs       pin_e0 
.................... #define lcd_rw       pin_e1 
.................... #define lcd_e        pin_e2 
.................... #define output_lcd   output_d 
.................... #include<tv_lcd.c> 
.................... void lcd_command(int8 a) 
.................... { 
....................       output_low(lcd_rw); 
*
0015:  BSF    03.5
0016:  BCF    09.1
0017:  BCF    03.5
0018:  BCF    09.1
....................       output_low(lcd_rs); 
0019:  BSF    03.5
001A:  BCF    09.0
001B:  BCF    03.5
001C:  BCF    09.0
....................       output_lcd(a); 
001D:  BSF    03.5
001E:  CLRF   08
001F:  BCF    03.5
0020:  MOVF   21,W
0021:  MOVWF  08
....................       output_high(lcd_e); 
0022:  BSF    03.5
0023:  BCF    09.2
0024:  BCF    03.5
0025:  BSF    09.2
....................       output_low(lcd_e); 
0026:  BSF    03.5
0027:  BCF    09.2
0028:  BCF    03.5
0029:  BCF    09.2
....................       delay_us(200); 
002A:  MOVLW  84
002B:  MOVWF  77
002C:  DECFSZ 77,F
002D:  GOTO   02C
002E:  GOTO   02F
002F:  NOP
0030:  RETURN
.................... } 
.................... void lcd_data(int8 a) 
.................... { 
....................       output_low(lcd_rw); 
*
0057:  BSF    03.5
0058:  BCF    09.1
0059:  BCF    03.5
005A:  BCF    09.1
....................       output_high(lcd_rs); 
005B:  BSF    03.5
005C:  BCF    09.0
005D:  BCF    03.5
005E:  BSF    09.0
....................       output_lcd(a); 
005F:  BSF    03.5
0060:  CLRF   08
0061:  BCF    03.5
0062:  MOVF   25,W
0063:  MOVWF  08
....................       output_high(lcd_e); 
0064:  BSF    03.5
0065:  BCF    09.2
0066:  BCF    03.5
0067:  BSF    09.2
....................       output_low(lcd_e); 
0068:  BSF    03.5
0069:  BCF    09.2
006A:  BCF    03.5
006B:  BCF    09.2
....................       delay_us(200); 
006C:  MOVLW  84
006D:  MOVWF  77
006E:  DECFSZ 77,F
006F:  GOTO   06E
0070:  GOTO   071
0071:  NOP
0072:  RETURN
.................... } 
.................... void lcd_setup() 
.................... { 
....................       lcd_command(0x38); delay_ms(5); 
*
0045:  MOVLW  38
0046:  MOVWF  21
0047:  CALL   015
0048:  MOVLW  05
0049:  MOVWF  21
004A:  CALL   031
....................       lcd_command(0x0c);  
004B:  MOVLW  0C
004C:  MOVWF  21
004D:  CALL   015
....................       lcd_command(0x01); delay_ms(2); 
004E:  MOVLW  01
004F:  MOVWF  21
0050:  CALL   015
0051:  MOVLW  02
0052:  MOVWF  21
0053:  CALL   031
0054:  BCF    0A.3
0055:  BCF    0A.4
0056:  GOTO   24A (RETURN)
.................... } 
....................  
....................  
.................... unsigned int8 temp=0; 
....................  
.................... void main() 
*
0225:  MOVF   03,W
0226:  ANDLW  1F
0227:  MOVWF  03
0228:  MOVLW  71
0229:  BSF    03.5
022A:  MOVWF  0F
022B:  MOVF   0F,W
022C:  BCF    03.5
022D:  CLRF   20
022E:  BSF    03.5
022F:  BSF    03.6
0230:  MOVF   09,W
0231:  ANDLW  C0
0232:  MOVWF  09
0233:  BCF    03.6
0234:  BCF    1F.4
0235:  BCF    1F.5
0236:  MOVLW  00
0237:  BSF    03.6
0238:  MOVWF  08
0239:  BCF    03.5
023A:  CLRF   07
023B:  CLRF   08
023C:  CLRF   09
023D:  BCF    03.7
.................... { 
....................    set_tris_a(0xff); 
023E:  MOVLW  FF
023F:  BSF    03.5
0240:  BCF    03.6
0241:  MOVWF  05
....................    set_tris_d(0); 
0242:  MOVLW  00
0243:  MOVWF  08
....................    set_tris_e(0); 
0244:  BCF    09.0
0245:  BCF    09.1
0246:  BCF    09.2
0247:  BCF    09.3
....................     
....................    lcd_setup(); 
0248:  BCF    03.5
0249:  GOTO   045
....................    lcd_command(0x80); 
024A:  MOVLW  80
024B:  MOVWF  21
024C:  CALL   015
....................    lcd_data(" NHIET DO LM35 "); 
024D:  MOVLW  04
024E:  BSF    03.6
024F:  MOVWF  0D
0250:  MOVLW  00
0251:  MOVWF  0F
0252:  BCF    03.6
0253:  CALL   073
....................     
....................     
....................    setup_adc_ports(san4 | vref_vref); 
0254:  BSF    03.5
0255:  BSF    03.6
0256:  MOVF   09,W
0257:  ANDLW  C0
0258:  MOVWF  09
0259:  BCF    03.6
025A:  BSF    1F.4
025B:  BSF    1F.5
025C:  MOVLW  10
025D:  BSF    03.6
025E:  MOVWF  08
....................    setup_adc(ADC_CLOCK_DIV_32); 
025F:  BCF    03.5
0260:  BCF    03.6
0261:  BCF    1F.6
0262:  BSF    1F.7
0263:  BSF    03.5
0264:  BSF    1F.7
0265:  BCF    03.5
0266:  BSF    1F.0
....................     
....................    while(true) 
....................    { 
....................       set_adc_channel(4); 
0267:  MOVLW  10
0268:  MOVWF  78
0269:  MOVF   1F,W
026A:  ANDLW  C3
026B:  IORWF  78,W
026C:  MOVWF  1F
....................       temp = read_adc()*0.3225; 
026D:  BSF    1F.1
026E:  BTFSC  1F.1
026F:  GOTO   26E
0270:  MOVF   1E,W
0271:  MOVWF  7A
0272:  BSF    03.5
0273:  MOVF   1E,W
0274:  BCF    03.5
0275:  MOVWF  21
0276:  MOVF   1E,W
0277:  MOVWF  22
0278:  MOVWF  24
0279:  MOVF   21,W
027A:  MOVWF  23
027B:  GOTO   0C9
027C:  MOVF   7A,W
027D:  MOVWF  26
027E:  MOVF   79,W
027F:  MOVWF  25
0280:  MOVF   78,W
0281:  MOVWF  24
0282:  MOVF   77,W
0283:  MOVWF  23
0284:  MOVLW  B8
0285:  MOVWF  2A
0286:  MOVLW  1E
0287:  MOVWF  29
0288:  MOVLW  25
0289:  MOVWF  28
028A:  MOVLW  7D
028B:  MOVWF  27
028C:  GOTO   0E8
028D:  MOVF   7A,W
028E:  MOVWF  24
028F:  MOVF   79,W
0290:  MOVWF  23
0291:  MOVF   78,W
0292:  MOVWF  22
0293:  MOVF   77,W
0294:  MOVWF  21
0295:  GOTO   15F
0296:  MOVF   78,W
0297:  MOVWF  20
....................       lcd_command(0xc0); 
0298:  MOVLW  C0
0299:  MOVWF  21
029A:  CALL   015
....................       printf(lcd_data, "      %02u", temp); 
029B:  MOVLW  0C
029C:  BSF    03.6
029D:  MOVWF  0D
029E:  MOVLW  00
029F:  MOVWF  0F
02A0:  BCF    03.0
02A1:  MOVLW  06
02A2:  BCF    03.6
02A3:  MOVWF  21
02A4:  GOTO   180
02A5:  MOVF   20,W
02A6:  MOVWF  21
02A7:  MOVLW  01
02A8:  MOVWF  22
02A9:  GOTO   1EE
....................       lcd_data(0xdf); 
02AA:  MOVLW  DF
02AB:  MOVWF  25
02AC:  CALL   057
....................       lcd_data("C   "); 
02AD:  MOVLW  12
02AE:  BSF    03.6
02AF:  MOVWF  0D
02B0:  MOVLW  00
02B1:  MOVWF  0F
02B2:  BCF    03.6
02B3:  CALL   073
02B4:  GOTO   267
....................    } 
.................... } 
02B5:  SLEEP

Configuration Fuses:
   Word  1: 2FE4   INTRC_IO NOWDT PUT MCLR NOPROTECT NOCPD BROWNOUT IESO FCMEN NOLVP NODEBUG
   Word  2: 3FFF   BORV40 NOWRT
